
============= Loaded Environment Variables =============
VIDEO_ID=84459043-142_1990e2a2-5990-0812-6222-00155dae810f
DEBUG_MODE=true
HOSTNAME=ip-172-31-30-70
VIDEO_NAME=84459043-142_1990e2a2-5990-0812-6222-00155dae810f
PWD=/
VIDEO_FORMAT=mp4
CONTAINER_WORKING_MODE=COMPOSED
HOME=/root
URL=https://OPENVIDUAPP:1qaz2wsx@rdqa-video.qbiai.com/dashboard/#/layout-best-fit/84459043-142_1990e2a2-5990-0812-6222-00155dae810f/1qaz2wsx/-1/false
RESOLUTION=540x360
SHLVL=2
ONLY_VIDEO=false
RECORDING_JSON={"id":"84459043-142_1990e2a2-5990-0812-6222-00155dae810f","object":"recording","name":"84459043-142_1990e2a2-5990-0812-6222-00155dae810f","outputMode":"COMPOSED","resolution":"540x360","frameRate":25,"recordingLayout":"BEST_FIT","sessionId":"84459043-142_1990e2a2-5990-0812-6222-00155dae810f","uniqueSessionId":"84459043-142_1990e2a2-5990-0812-6222-00155dae810f_1756879296987","mediaNode":"media_K29GNhjW","createdAt":1756879301151,"size":0,"duration":0.0,"url":null,"hasAudio":true,"hasVideo":true,"status":"started"}
WIDTH=540
FRAMERATE=25
PATH=/usr/local/sbin:/usr/local/bin:/usr/sbin:/usr/bin:/sbin:/bin
HEIGHT=360
_=/usr/bin/env
========================================================


================ Running headless Chrome ===============
N: [pulseaudio] main.c: Running in system mode, forcibly disabling SHM mode.
N: [pulseaudio] main.c: Running in system mode, forcibly disabling exit idle time.
Waiting for Xvfb to start...
Display in use -> :99
========================================================

ffmpeg version 4.4.2-0ubuntu0.22.04.1 Copyright (c) 2000-2021 the FFmpeg developers
  built with gcc 11 (Ubuntu 11.2.0-19ubuntu1)
  configuration: --prefix=/usr --extra-version=0ubuntu0.22.04.1 --toolchain=hardened --libdir=/usr/lib/x86_64-linux-gnu --incdir=/usr/include/x86_64-linux-gnu --arch=amd64 --enable-gpl --disable-stripping --enable-gnutls --enable-ladspa --enable-libaom --enable-libass --enable-libbluray --enable-libbs2b --enable-libcaca --enable-libcdio --enable-libcodec2 --enable-libdav1d --enable-libflite --enable-libfontconfig --enable-libfreetype --enable-libfribidi --enable-libgme --enable-libgsm --enable-libjack --enable-libmp3lame --enable-libmysofa --enable-libopenjpeg --enable-libopenmpt --enable-libopus --enable-libpulse --enable-librabbitmq --enable-librubberband --enable-libshine --enable-libsnappy --enable-libsoxr --enable-libspeex --enable-libsrt --enable-libssh --enable-libtheora --enable-libtwolame --enable-libvidstab --enable-libvorbis --enable-libvpx --enable-libwebp --enable-libx265 --enable-libxml2 --enable-libxvid --enable-libzimg --enable-libzmq --enable-libzvbi --enable-lv2 --enable-omx --enable-openal --enable-opencl --enable-opengl --enable-sdl2 --enable-pocketsphinx --enable-librsvg --enable-libmfx --enable-libdc1394 --enable-libdrm --enable-libiec61883 --enable-chromaprint --enable-frei0r --enable-libx264 --enable-shared
  libavutil      56. 70.100 / 56. 70.100
  libavcodec     58.134.100 / 58.134.100
  libavformat    58. 76.100 / 58. 76.100
  libavdevice    58. 13.100 / 58. 13.100
  libavfilter     7.110.100 /  7.110.100
  libswscale      5.  9.100 /  5.  9.100
  libswresample   3.  9.100 /  3.  9.100
  libpostproc    55.  9.100 / 55.  9.100
Guessed Channel Layout for Input Stream #0.0 : stereo
Input #0, alsa, from 'pulse':
  Duration: N/A, start: 1756879306.325719, bitrate: 1536 kb/s
  Stream #0:0: Audio: pcm_s16le, 48000 Hz, stereo, s16, 1536 kb/s
Input #1, x11grab, from ':99':
  Duration: N/A, start: 1756879307.091534, bitrate: 155520 kb/s
  Stream #1:0: Video: rawvideo (BGR[0] / 0x524742), bgr0, 540x360, 155520 kb/s, 25 fps, 25 tbr, 1000k tbn, 1000k tbc
Stream mapping:
  Stream #1:0 -> #0:0 (rawvideo (native) -> h264 (libx264))
  Stream #0:0 -> #0:1 (pcm_s16le (native) -> aac (native))
Press [q] to stop, [?] for help
Finishing stream 0:0 without any data written to it.
[libx264 @ 0x5588def84040] using cpu capabilities: MMX2 SSE2Fast SSSE3 SSE4.2 AVX FMA3 BMI2 AVX2 AVX512
[libx264 @ 0x5588def84040] profile Constrained Baseline, level 2.1, 4:2:0, 8-bit
[libx264 @ 0x5588def84040] 264 - core 163 r3060 5db6aa6 - H.264/MPEG-4 AVC codec - Copyleft 2003-2021 - http://www.videolan.org/x264.html - options: cabac=0 ref=4 deblock=0:0:0 analyse=0:0 me=dia subme=0 psy=1 psy_rd=1.00:0.00 mixed_ref=0 me_range=16 chroma_me=1 trellis=0 8x8dct=0 cqm=0 deadzone=21,11 fast_pskip=1 chroma_qp_offset=0 threads=3 lookahead_threads=1 sliced_threads=0 nr=0 decimate=1 interlaced=0 bluray_compat=0 constrained_intra=0 bframes=0 weightp=0 keyint=250 keyint_min=25 scenecut=0 intra_refresh=0 rc=crf mbtree=0 crf=28.0 qcomp=0.60 qpmin=4 qpmax=69 qpstep=4 ip_ratio=1.40 aq=0
Finishing stream 0:1 without any data written to it.
Output #0, mp4, to '/recordings/84459043-142_1990e2a2-5990-0812-6222-00155dae810f/84459043-142_1990e2a2-5990-0812-6222-00155dae810f.mp4':
  Metadata:
    encoder         : Lavf58.76.100
  Stream #0:0: Video: h264 (avc1 / 0x31637661), yuv420p, 540x360, q=2-31, 25 fps, 12800 tbn
    Metadata:
      encoder         : Lavc58.134.100 libx264
    Side data:
      cpb: bitrate max/min/avg: 0/0/0 buffer size: 0 vbv_delay: N/A
  Stream #0:1: Audio: aac (LC) (mp4a / 0x6134706D), 48000 Hz, stereo, fltp, 128 kb/s
    Metadata:
      encoder         : Lavc58.134.100 aac
frame=    0 fps=0.0 q=0.0 Lsize=       0kB time=00:00:00.00 bitrate=N/A speed=   0x    
video:0kB audio:0kB subtitle:0kB other streams:0kB global headers:0kB muxing overhead: unknown
[aac @ 0x5588def86200] Qavg: nan
ffmpeg version 4.4.2-0ubuntu0.22.04.1 Copyright (c) 2000-2021 the FFmpeg developers
  built with gcc 11 (Ubuntu 11.2.0-19ubuntu1)
  configuration: --prefix=/usr --extra-version=0ubuntu0.22.04.1 --toolchain=hardened --libdir=/usr/lib/x86_64-linux-gnu --incdir=/usr/include/x86_64-linux-gnu --arch=amd64 --enable-gpl --disable-stripping --enable-gnutls --enable-ladspa --enable-libaom --enable-libass --enable-libbluray --enable-libbs2b --enable-libcaca --enable-libcdio --enable-libcodec2 --enable-libdav1d --enable-libflite --enable-libfontconfig --enable-libfreetype --enable-libfribidi --enable-libgme --enable-libgsm --enable-libjack --enable-libmp3lame --enable-libmysofa --enable-libopenjpeg --enable-libopenmpt --enable-libopus --enable-libpulse --enable-librabbitmq --enable-librubberband --enable-libshine --enable-libsnappy --enable-libsoxr --enable-libspeex --enable-libsrt --enable-libssh --enable-libtheora --enable-libtwolame --enable-libvidstab --enable-libvorbis --enable-libvpx --enable-libwebp --enable-libx265 --enable-libxml2 --enable-libxvid --enable-libzimg --enable-libzmq --enable-libzvbi --enable-lv2 --enable-omx --enable-openal --enable-opencl --enable-opengl --enable-sdl2 --enable-pocketsphinx --enable-librsvg --enable-libmfx --enable-libdc1394 --enable-libdrm --enable-libiec61883 --enable-chromaprint --enable-frei0r --enable-libx264 --enable-shared
  libavutil      56. 70.100 / 56. 70.100
  libavcodec     58.134.100 / 58.134.100
  libavformat    58. 76.100 / 58. 76.100
  libavdevice    58. 13.100 / 58. 13.100
  libavfilter     7.110.100 /  7.110.100
  libswscale      5.  9.100 /  5.  9.100
  libswresample   3.  9.100 /  3.  9.100
  libpostproc    55.  9.100 / 55.  9.100
/recordings/84459043-142_1990e2a2-5990-0812-6222-00155dae810f/84459043-142_1990e2a2-5990-0812-6222-00155dae810f.mp4: could not seek to position 0.000
Input #0, mov,mp4,m4a,3gp,3g2,mj2, from '/recordings/84459043-142_1990e2a2-5990-0812-6222-00155dae810f/84459043-142_1990e2a2-5990-0812-6222-00155dae810f.mp4':
  Metadata:
    major_brand     : isom
    minor_version   : 512
    compatible_brands: isomiso2avc1mp41
    encoder         : Lavf58.76.100
  Duration: 00:00:00.00, bitrate: N/A
Output #0, image2, to '/recordings/84459043-142_1990e2a2-5990-0812-6222-00155dae810f/84459043-142_1990e2a2-5990-0812-6222-00155dae810f.jpg':
Output file #0 does not contain any stream
