[50:50:0903/060144.597428:WARNING:chrome_main_delegate.cc(593)] This is Chrome version 114.0.5735.133 (not a warning)
[50:50:0903/060144.597560:VERBOSE1:chrome_crash_reporter_client.cc(195)] GetCollectStatsConsent(): settings_consent: 0 so returning that
[50:50:0903/060144.603192:VERBOSE1:chrome_crash_reporter_client.cc(195)] GetCollectStatsConsent(): settings_consent: 0 so returning that
[65:65:0903/060144.641798:VERBOSE1:cdm_registration.cc(201)] Registering bundled Widevine 4.10.2557.0
[66:66:0903/060144.641821:VERBOSE1:cdm_registration.cc(201)] Registering bundled Widevine 4.10.2557.0
[65:65:0903/060144.642398:INFO:cpu_info.cc(53)] Available number of cores: 2
[66:66:0903/060144.642398:INFO:cpu_info.cc(53)] Available number of cores: 2
[65:65:0903/060144.642700:VERBOSE1:zygote_main_linux.cc(201)] ZygoteMain: initializing 0 fork delegates
[66:66:0903/060144.642700:VERBOSE1:zygote_main_linux.cc(201)] ZygoteMain: initializing 1 fork delegates
[66:66:0903/060144.642871:VERBOSE1:nacl_fork_delegate_linux.cc(149)] NaClForkDelegate::Init()
[50:50:0903/060144.647339:VERBOSE1:chrome_browser_cloud_management_controller.cc(98)] DM token = empty
[50:50:0903/060144.647363:VERBOSE1:chrome_browser_cloud_management_controller.cc(104)] Enrollment token = 
[50:50:0903/060144.647370:VERBOSE1:chrome_browser_cloud_management_controller.cc(105)] Client ID = 6bLIBBGnVLZX0jY-6i4Ix8zbtQ8
[50:50:0903/060144.649196:VERBOSE1:variations_field_trial_creator.cc(86)] VariationsSeedUsage:2
[50:50:0903/060144.649275:VERBOSE1:variations_field_trial_creator.cc(335)] VariationsSetupComplete
[50:78:0903/060144.835428:ERROR:bus.cc(399)] Failed to connect to the bus: Failed to connect to socket /run/dbus/system_bus_socket: No such file or directory
[50:78:0903/060144.835564:ERROR:bus.cc(399)] Failed to connect to the bus: Failed to connect to socket /run/dbus/system_bus_socket: No such file or directory
[50:50:0903/060144.835917:VERBOSE1:webrtc_event_log_manager.cc(97)] WebRTC remote-bound event logging enabled.
[50:50:0903/060144.836111:VERBOSE1:pref_proxy_config_tracker_impl.cc(191)] 0x3f0800288f00: set chrome proxy config service to 0x3f08002a9cc0
[50:50:0903/060144.838508:VERBOSE1:cdm_registration.cc(201)] Registering bundled Widevine 4.10.2557.0
[50:72:0903/060144.839370:ERROR:bus.cc(399)] Failed to connect to the bus: Failed to connect to socket /run/dbus/system_bus_socket: No such file or directory
[50:72:0903/060144.839426:ERROR:bus.cc(399)] Failed to connect to the bus: Could not parse server address: Unknown address type (examples of valid types are "tcp" and on UNIX "unix")
[50:72:0903/060144.839448:ERROR:bus.cc(399)] Failed to connect to the bus: Could not parse server address: Unknown address type (examples of valid types are "tcp" and on UNIX "unix")
[50:72:0903/060144.839458:VERBOSE1:select_file_dialog_linux_portal.cc(280)] File chooser portal available: no
[50:72:0903/060144.839566:ERROR:bus.cc(399)] Failed to connect to the bus: Could not parse server address: Unknown address type (examples of valid types are "tcp" and on UNIX "unix")
[50:72:0903/060144.839586:ERROR:bus.cc(399)] Failed to connect to the bus: Could not parse server address: Unknown address type (examples of valid types are "tcp" and on UNIX "unix")
[50:74:0903/060144.846211:VERBOSE1:media_stream_manager.cc(1582)] MSM::InitializeMaybeAsync([this=0x3f0800b41780])
[50:74:0903/060144.846238:VERBOSE1:media_stream_manager.cc(1582)] MDM::MediaDevicesManager()
[50:74:0903/060144.846250:VERBOSE1:media_stream_manager.cc(1582)] MSM::MediaStreamManager([this=0x3f0800b41780]))
[50:50:0903/060144.854598:VERBOSE1:key_storage_util_linux.cc(54)] Password storage detected desktop environment: (unknown)
[50:50:0903/060144.854629:VERBOSE1:key_storage_linux.cc(128)] Selected backend for OSCrypt: BASIC_TEXT
[50:50:0903/060144.854655:VERBOSE1:key_storage_linux.cc(148)] OSCrypt did not initialize a backend.
[50:50:0903/060144.855258:INFO:chrome_browser_cloud_management_controller.cc(167)] Starting CBCM Controller Initialization
[50:50:0903/060144.855310:INFO:chrome_browser_cloud_management_controller.cc(195)] No machine level policy manager exists.
[50:72:0903/060144.875111:ERROR:bus.cc(399)] Failed to connect to the bus: Could not parse server address: Unknown address type (examples of valid types are "tcp" and on UNIX "unix")
[50:72:0903/060144.875175:ERROR:bus.cc(399)] Failed to connect to the bus: Could not parse server address: Unknown address type (examples of valid types are "tcp" and on UNIX "unix")
[50:50:0903/060144.879647:VERBOSE1:pref_proxy_config_tracker_impl.cc(191)] 0x3f080028d700: set chrome proxy config service to 0x3f0800d84c40
[50:50:0903/060144.883843:VERBOSE1:device_event_log_impl.cc(224)] [06:01:44.883] Bluetooth: EVENT: bluetooth_api.cc:82 BluetoothAPI: 0x3f0800ae4a00
[50:50:0903/060144.883951:VERBOSE1:pref_proxy_config_tracker_impl.cc(191)] 0x3f080028dd00: set chrome proxy config service to 0x3f0800d87d40
[50:50:0903/060144.884252:VERBOSE1:mutable_profile_oauth2_token_service_delegate.cc(207)] MutablePO2TS::MutablePO2TS
[50:50:0903/060144.884684:VERBOSE1:bluetooth_low_energy_event_router.cc(276)] Initializing BluetoothLowEnergyEventRouter.
[50:50:0903/060144.886888:VERBOSE1:service_discovery_device_lister.cc(36)] DeviceListerStart: service_type: _googlecast._tcp.local
[50:50:0903/060144.886921:VERBOSE1:service_discovery_device_lister.cc(42)] DiscoverNewDevices: service_type: _googlecast._tcp.local
[50:50:0903/060144.889653:VERBOSE1:extension_service.cc(1487)] AddComponentExtension Web Store
[50:50:0903/060144.889674:VERBOSE1:extension_service.cc(1489)] Component extension Web Store (ahfgeienlihckogmohjhadlkjgocpleb) installing/upgrading from '' to 0.2
[50:50:0903/060144.891616:VERBOSE1:extension_service.cc(1487)] AddComponentExtension Chrome PDF Viewer
[50:50:0903/060144.892693:VERBOSE1:extension_service.cc(1489)] Component extension Chrome PDF Viewer (mhjfbmdgcfjbbpaeojofohoefgiehjai) installing/upgrading from '' to 1
[50:50:0903/060144.893987:VERBOSE1:mutable_profile_oauth2_token_service_delegate.cc(263)] MutablePO2TS::RefreshTokenIsAvailable
[50:50:0903/060144.895622:VERBOSE1:account_reconcilor.cc(167)] AccountReconcilor::AccountReconcilor
[50:50:0903/060144.895638:VERBOSE1:account_reconcilor.cc(197)] AccountReconcilor::Initialize
[50:50:0903/060144.895647:VERBOSE1:account_reconcilor.cc(241)] AccountReconcilor::RegisterWithContentSettings
[50:50:0903/060144.895658:VERBOSE1:account_reconcilor.cc(262)] AccountReconcilor::RegisterWithIdentityManager
[50:81:0903/060144.898107:VERBOSE1:command_storage_backend.cc(880)] Current session files:
[50:50:0903/060144.898378:VERBOSE1:profile_manager.cc(1289)] AddKeepAlive(Default, kBrowserWindow). keep_alives=[kWaitingForFirstBrowserWindow (1), kBrowserWindow (1)]
[50:81:0903/060144.898724:VERBOSE1:simple_index_file.cc(600)] Simple Cache Index is being restored from disk.
[50:82:0903/060144.898771:VERBOSE1:simple_index_file.cc(600)] Simple Cache Index is being restored from disk.
[50:50:0903/060144.900540:VERBOSE1:profile_manager.cc(1361)] ClearFirstBrowserWindowKeepAlive(Default). keep_alives=[kBrowserWindow (1)]
[50:74:0903/060144.925946:VERBOSE1:content_verifier.cc(630)] OnFetchComplete ahfgeienlihckogmohjhadlkjgocpleb success:0
[50:74:0903/060144.925993:VERBOSE1:content_verifier.cc(630)] OnFetchComplete mhjfbmdgcfjbbpaeojofohoefgiehjai success:0
[50:72:0903/060144.932485:ERROR:bus.cc(399)] Failed to connect to the bus: Could not parse server address: Unknown address type (examples of valid types are "tcp" and on UNIX "unix")
[50:72:0903/060144.932562:ERROR:bus.cc(399)] Failed to connect to the bus: Could not parse server address: Unknown address type (examples of valid types are "tcp" and on UNIX "unix")
[50:72:0903/060144.932712:VERBOSE1:token_service_table.cc(148)] Loaded tokens: result = 3 ; number of tokens loaded = 0
[50:50:0903/060145.070393:WARNING:bluez_dbus_manager.cc(247)] Floss manager not present, cannot set Floss enable/disable.
[50:50:0903/060145.070794:ERROR:object_proxy.cc(590)] Failed to call method: org.freedesktop.portal.Settings.Read: object_path= /org/freedesktop/portal/desktop: unknown error type: 
[86:86:0903/060145.073826:VERBOSE1:vaapi_wrapper.cc(1606)] GetHandle(): Either VADisplayStateSingleton::PreSandboxInitialization() hasn't been called or that method failed to find a suitable render node
[50:50:0903/060145.092686:VERBOSE1:mutable_profile_oauth2_token_service_delegate.cc(341)] MutablePO2TS::OnWebDataServiceRequestDone. Result type: 5
[50:50:0903/060145.092719:VERBOSE1:mutable_profile_oauth2_token_service_delegate.cc(394)] MutablePO2TS::LoadAllCredentialsIntoMemory; 0 redential(s).
[50:50:0903/060145.092866:VERBOSE1:account_reconcilor.cc(335)] AccountReconcilor::OnEndBatchOfRefreshTokenStateChanges. Reconcilor state: 1
[86:86:0903/060145.096746:WARNING:sandbox_linux.cc(393)] InitializeSandbox() called with multiple threads in process gpu-process.
[86:86:0903/060145.126198:WARNING:gpu_memory_buffer_support_x11.cc(49)] dri3 extension not supported.
[50:50:0903/060145.135509:VERBOSE1:mutable_profile_oauth2_token_service_delegate.cc(263)] MutablePO2TS::RefreshTokenIsAvailable
[50:74:0903/060145.144972:VERBOSE1:media_stream_manager.cc(1582)] RFAOSF::Core() [process_id=5, frame_id=1]
[50:133:0903/060145.148701:ERROR:bus.cc(399)] Failed to connect to the bus: Failed to connect to socket /run/dbus/system_bus_socket: No such file or directory
[50:133:0903/060145.149272:ERROR:bus.cc(399)] Failed to connect to the bus: Failed to connect to socket /run/dbus/system_bus_socket: No such file or directory
[50:133:0903/060145.154187:ERROR:bus.cc(399)] Failed to connect to the bus: Failed to connect to socket /run/dbus/system_bus_socket: No such file or directory
[50:133:0903/060145.155364:WARNING:property.cc(144)] DaemonVersion: GetAndBlock: failed.
[50:133:0903/060145.155440:ERROR:bus.cc(399)] Failed to connect to the bus: Failed to connect to socket /run/dbus/system_bus_socket: No such file or directory
[50:133:0903/060145.155489:ERROR:bus.cc(399)] Failed to connect to the bus: Failed to connect to socket /run/dbus/system_bus_socket: No such file or directory
[50:50:0903/060145.288812:VERBOSE1:gaia_cookie_manager_service.cc(1078)] GaiaCookieManagerService::ListAccounts
[87:138:0903/060145.291660:VERBOSE1:network_delegate.cc(35)] NetworkDelegate::NotifyBeforeURLRequest: https://OPENVIDUAPP:1qaz2wsx@rdqa-video.qbiai.com/dashboard/#/layout-best-fit/84459043-142_1990e2a2-5990-0812-6222-00155dae810f/1qaz2wsx/-1/false
[87:138:0903/060145.292153:VERBOSE1:network_delegate.cc(35)] NetworkDelegate::NotifyBeforeURLRequest: https://accounts.google.com/ListAccounts?gpsia=1&source=ChromiumBrowser&json=standard
[87:139:0903/060145.366831:VERBOSE1:simple_index_file.cc(600)] Simple Cache Index is being restored from disk.
[50:50:0903/060145.461041:VERBOSE1:gaia_cookie_manager_service.cc(916)] ListAccounts successful
[50:50:0903/060145.461109:VERBOSE1:gaia_cookie_manager_service.cc(1114)] GaiaCookieManagerService::HandleNextRequest
[50:50:0903/060145.461202:VERBOSE1:gaia_cookie_manager_service.cc(1130)] GaiaCookieManagerService::HandleNextRequest: no more
[50:50:0903/060145.461289:VERBOSE1:account_reconcilor.cc(555)] AccountReconcilor::OnAccountsInCookieUpdated: CookieJar 0 accounts, Reconcilor's state is 1, Error was 
[50:50:0903/060145.461361:VERBOSE1:account_reconcilor.cc(645)] AccountReconcilor::LoadValidAccountsFromTokenService: Chrome 0 accounts
[50:50:0903/060145.461381:VERBOSE1:account_reconcilor.cc(772)] AccountReconcilor::CalculateIfMultiloginReconcileIsDone: Error was 
[50:50:0903/060145.461402:VERBOSE1:account_reconcilor.cc(680)] AccountReconcilor::StartReconcileIfChromeAccountsChanged
[50:50:0903/060145.461596:VERBOSE1:account_reconcilor.cc(555)] AccountReconcilor::OnAccountsInCookieUpdated: CookieJar 0 accounts, Reconcilor's state is 1, Error was 
[50:50:0903/060145.461619:VERBOSE1:account_reconcilor.cc(645)] AccountReconcilor::LoadValidAccountsFromTokenService: Chrome 0 accounts
[50:50:0903/060145.461636:VERBOSE1:account_reconcilor.cc(772)] AccountReconcilor::CalculateIfMultiloginReconcileIsDone: Error was 
[50:50:0903/060145.461648:VERBOSE1:account_reconcilor.cc(680)] AccountReconcilor::StartReconcileIfChromeAccountsChanged
[50:50:0903/060145.735019:VERBOSE1:mutable_profile_oauth2_token_service_delegate.cc(263)] MutablePO2TS::RefreshTokenIsAvailable
[87:138:0903/060145.750083:VERBOSE1:network_delegate.cc(35)] NetworkDelegate::NotifyBeforeURLRequest: https://rdqa-video.qbiai.com/dashboard/runtime.278f45210a312af9.js
[50:74:0903/060145.751459:VERBOSE1:media_stream_manager.cc(1582)] RFAOSF::Core() [process_id=5, frame_id=1]
[87:138:0903/060145.752333:VERBOSE1:network_delegate.cc(35)] NetworkDelegate::NotifyBeforeURLRequest: https://rdqa-video.qbiai.com/dashboard/polyfills.052c44e828ea89ec.js
[87:138:0903/060145.752580:VERBOSE1:network_delegate.cc(35)] NetworkDelegate::NotifyBeforeURLRequest: https://rdqa-video.qbiai.com/dashboard/main.faff32d6c38f32ae.js
[103:103:0903/060145.751262:VERBOSE1:script_context.cc(141)] Created context:
  extension id:           (none)
  frame:                  0x1161001ed348
  URL:                    
  context_type:           WEB_PAGE
  effective extension id: (none)
  effective context type: WEB_PAGE
[103:103:0903/060145.772514:VERBOSE1:script_context.cc(141)] Created context:
  extension id:           (none)
  frame:                  (nil)
  URL:                    
  context_type:           UNSPECIFIED
  effective extension id: (none)
  effective context type: UNSPECIFIED
[103:103:0903/060145.779185:VERBOSE1:dispatcher.cc(456)] Num tracked contexts: 1
[87:138:0903/060145.801543:VERBOSE1:network_delegate.cc(35)] NetworkDelegate::NotifyBeforeURLRequest: https://OPENVIDUAPP:1qaz2wsx@rdqa-video.qbiai.com/dashboard/styles.b797675381585693.css
[87:138:0903/060145.974798:VERBOSE1:network_delegate.cc(35)] NetworkDelegate::NotifyBeforeURLRequest: https://OPENVIDUAPP:1qaz2wsx@rdqa-video.qbiai.com/dashboard/styles.b797675381585693.css
[50:50:0903/060146.266366:INFO:CONSOLE(1)] "OpenVidu initialized", source: https://rdqa-video.qbiai.com/dashboard/main.faff32d6c38f32ae.js (1)
[50:50:0903/060146.266412:INFO:CONSOLE(1)] "Platform detected: Chrome 114.0.0.0 on Linux 64-bit", source: https://rdqa-video.qbiai.com/dashboard/main.faff32d6c38f32ae.js (1)
[50:50:0903/060146.266439:INFO:CONSOLE(1)] "openvidu-browser version: 2.28.0", source: https://rdqa-video.qbiai.com/dashboard/main.faff32d6c38f32ae.js (1)
[50:50:0903/060146.266457:INFO:CONSOLE(1)] "Connecting websocket to URI: wss://rdqa-video.qbiai.com/openvidu?sessionId=84459043-142_1990e2a2-5990-0812-6222-00155dae810f", source: https://rdqa-video.qbiai.com/dashboard/main.faff32d6c38f32ae.js (1)
[87:138:0903/060146.270942:VERBOSE1:network_delegate.cc(35)] NetworkDelegate::NotifyBeforeURLRequest: wss://rdqa-video.qbiai.com/openvidu?sessionId=84459043-142_1990e2a2-5990-0812-6222-00155dae810f
[50:50:0903/060146.318644:INFO:CONSOLE(1)] "WebSocket connected to wss://rdqa-video.qbiai.com/openvidu?sessionId=84459043-142_1990e2a2-5990-0812-6222-00155dae810f", source: https://rdqa-video.qbiai.com/dashboard/main.faff32d6c38f32ae.js (1)
[50:50:0903/060146.318795:INFO:CONSOLE(1)] "--------- ONCONNECTED -----------", source: https://rdqa-video.qbiai.com/dashboard/main.faff32d6c38f32ae.js (1)
[50:50:0903/060146.318821:INFO:CONSOLE(1)] "Starting ping (if configured)", source: https://rdqa-video.qbiai.com/dashboard/main.faff32d6c38f32ae.js (1)
[50:50:0903/060146.319991:INFO:CONSOLE(1)] "Sending request: {method:"joinRoom", params: {"token":"wss://rdqa-video.qbiai.com:-1?sessionId=84459043-142_1990e2a2-5990-0812-6222-00155dae810f&secret=1qaz2wsx&recorder=true","session":"84459043-142_1990e2a2-5990-0812-6222-00155dae810f","platform":"Chrome 114.0.0.0 on Linux 64-bit","sdkVersion":"2.28.0","metadata":"","secret":"1qaz2wsx","recorder":true,"stt":false}}", source: https://rdqa-video.qbiai.com/dashboard/main.faff32d6c38f32ae.js (1)
[87:138:0903/060146.321453:VERBOSE1:network_delegate.cc(35)] NetworkDelegate::NotifyBeforeURLRequest: https://OPENVIDUAPP:1qaz2wsx@rdqa-video.qbiai.com/dashboard/favicon.ico
[50:50:0903/060146.379422:INFO:CONSOLE(1)] "ERROR:Unable to join the session. Session 84459043-142_1990e2a2-5990-0812-6222-00155dae810f was in the process of closing. Code: 203 in Request: method:joinRoom params:{"token":"wss://rdqa-video.qbiai.com:-1?sessionId=84459043-142_1990e2a2-5990-0812-6222-00155dae810f&secret=1qaz2wsx&recorder=true","session":"84459043-142_1990e2a2-5990-0812-6222-00155dae810f","platform":"Chrome 114.0.0.0 on Linux 64-bit","sdkVersion":"2.28.0","metadata":"","secret":"1qaz2wsx","recorder":true,"stt":false} request:undefined", source: https://rdqa-video.qbiai.com/dashboard/main.faff32d6c38f32ae.js (1)
[50:50:0903/060146.379514:INFO:CONSOLE(1)] "[object Object]", source: https://rdqa-video.qbiai.com/dashboard/main.faff32d6c38f32ae.js (1)
[50:70:0903/060147.390378:VERBOSE1:command_storage_backend.cc(880)] Current session files:
[50:50:0903/060149.087220:VERBOSE1:crash_reporting_context.cc(231)] enterprise.crash_reporting: crash event reporting initializing
[50:50:0903/060149.087256:VERBOSE1:crash_reporting_context.cc(73)] enterprise.crash_reporting: crash reporting enabled: 0
[50:50:0903/060149.087269:VERBOSE1:crash_reporting_context.cc(113)] enterprise.crash_reporting: crashpad polling interval set to 3600 s
[50:50:0903/060149.087337:VERBOSE1:profile_manager.cc(1289)] AddKeepAlive(Default, kExtensionUpdater). keep_alives=[kBrowserWindow (1), kExtensionUpdater (1)]
[50:50:0903/060149.087388:VERBOSE1:profile_manager.cc(1340)] RemoveKeepAlive(Default, kExtensionUpdater). keep_alives=[kBrowserWindow (1)]
[50:74:0903/060149.089973:VERBOSE1:mdns_client.cc(75)] MDNS bind failed, address_family=2, error=-4
[50:74:0903/060149.091548:VERBOSE1:mdns_client.cc(75)] MDNS bind failed, address_family=2, error=-4
[50:74:0903/060149.091570:VERBOSE1:mdns_client.cc(75)] MDNS bind failed, address_family=2, error=-4
[50:74:0903/060149.091598:VERBOSE1:mdns_client_impl.cc(164)] Sockets ready:2
[50:50:0903/060149.205337:VERBOSE1:segment_result_provider.cc(253)] GetCachedModelScore: segment=OPTIMIZATION_TARGET_SEGMENTATION_CHROME_LOW_USER_ENGAGEMENT does not have a segment info.
[50:50:0903/060149.205367:VERBOSE1:segment_result_provider.cc(207)] OnGotDatabaseModelScore: segment=OPTIMIZATION_TARGET_SEGMENTATION_CHROME_LOW_USER_ENGAGEMENT executing model to get score
[50:50:0903/060149.205374:VERBOSE1:segment_result_provider.cc(288)] ExecuteModelAndGetScore: segment=OPTIMIZATION_TARGET_SEGMENTATION_CHROME_LOW_USER_ENGAGEMENT default segment info not available
[50:50:0903/060149.205380:VERBOSE1:segment_result_provider.cc(216)] OnGotDatabaseModelScore: segment=OPTIMIZATION_TARGET_SEGMENTATION_CHROME_LOW_USER_ENGAGEMENT failed to get database model score, trying default model.
[50:50:0903/060149.205389:VERBOSE1:segment_result_provider.cc(304)] ExecuteModelAndGetScore: segment=OPTIMIZATION_TARGET_SEGMENTATION_CHROME_LOW_USER_ENGAGEMENT signal collection not met
[50:50:0903/060149.205407:VERBOSE1:segment_result_provider.cc(253)] GetCachedModelScore: segment=CROSS_DEVICE_USER_SEGMENT does not have a segment info.
[50:50:0903/060149.205413:VERBOSE1:segment_result_provider.cc(207)] OnGotDatabaseModelScore: segment=CROSS_DEVICE_USER_SEGMENT executing model to get score
[50:50:0903/060149.205418:VERBOSE1:segment_result_provider.cc(288)] ExecuteModelAndGetScore: segment=CROSS_DEVICE_USER_SEGMENT default segment info not available
[50:50:0903/060149.205424:VERBOSE1:segment_result_provider.cc(216)] OnGotDatabaseModelScore: segment=CROSS_DEVICE_USER_SEGMENT failed to get database model score, trying default model.
[50:50:0903/060149.205431:VERBOSE1:segment_result_provider.cc(304)] ExecuteModelAndGetScore: segment=CROSS_DEVICE_USER_SEGMENT signal collection not met
[50:50:0903/060149.205444:VERBOSE1:segment_result_provider.cc(253)] GetCachedModelScore: segment=RESUME_HEAVY_USER_SEGMENT does not have a segment info.
[50:50:0903/060149.205449:VERBOSE1:segment_result_provider.cc(207)] OnGotDatabaseModelScore: segment=RESUME_HEAVY_USER_SEGMENT executing model to get score
[50:50:0903/060149.205454:VERBOSE1:segment_result_provider.cc(288)] ExecuteModelAndGetScore: segment=RESUME_HEAVY_USER_SEGMENT default segment info not available
[50:50:0903/060149.205459:VERBOSE1:segment_result_provider.cc(216)] OnGotDatabaseModelScore: segment=RESUME_HEAVY_USER_SEGMENT failed to get database model score, trying default model.
[50:50:0903/060149.205474:VERBOSE1:segment_result_provider.cc(304)] ExecuteModelAndGetScore: segment=RESUME_HEAVY_USER_SEGMENT signal collection not met
[50:50:0903/060149.205482:VERBOSE1:segment_result_provider.cc(253)] GetCachedModelScore: segment=OPTIMIZATION_TARGET_SEGMENTATION_SHOPPING_USER does not have a segment info.
[50:50:0903/060149.205487:VERBOSE1:segment_result_provider.cc(207)] OnGotDatabaseModelScore: segment=OPTIMIZATION_TARGET_SEGMENTATION_SHOPPING_USER executing model to get score
[50:50:0903/060149.205493:VERBOSE1:segment_result_provider.cc(288)] ExecuteModelAndGetScore: segment=OPTIMIZATION_TARGET_SEGMENTATION_SHOPPING_USER default segment info not available
[50:50:0903/060149.205498:VERBOSE1:segment_result_provider.cc(216)] OnGotDatabaseModelScore: segment=OPTIMIZATION_TARGET_SEGMENTATION_SHOPPING_USER failed to get database model score, trying default model.
[50:50:0903/060149.205504:VERBOSE1:segment_result_provider.cc(304)] ExecuteModelAndGetScore: segment=OPTIMIZATION_TARGET_SEGMENTATION_SHOPPING_USER signal collection not met
[50:50:0903/060149.205516:VERBOSE1:segment_result_provider.cc(253)] GetCachedModelScore: segment=OPTIMIZATION_TARGET_SEGMENTATION_SEARCH_USER does not have a segment info.
[50:50:0903/060149.205522:VERBOSE1:segment_result_provider.cc(207)] OnGotDatabaseModelScore: segment=OPTIMIZATION_TARGET_SEGMENTATION_SEARCH_USER executing model to get score
[50:50:0903/060149.205527:VERBOSE1:segment_result_provider.cc(288)] ExecuteModelAndGetScore: segment=OPTIMIZATION_TARGET_SEGMENTATION_SEARCH_USER default segment info not available
[50:50:0903/060149.205532:VERBOSE1:segment_result_provider.cc(216)] OnGotDatabaseModelScore: segment=OPTIMIZATION_TARGET_SEGMENTATION_SEARCH_USER failed to get database model score, trying default model.
[50:50:0903/060149.205538:VERBOSE1:segment_result_provider.cc(304)] ExecuteModelAndGetScore: segment=OPTIMIZATION_TARGET_SEGMENTATION_SEARCH_USER signal collection not met
[50:50:0903/060149.205588:VERBOSE1:segment_result_provider.cc(175)] OnGetSegmentInfo: segment=OPTIMIZATION_TARGET_SEGMENTATION_DEVICE_SWITCHER executing model to get score
[50:50:0903/060149.205595:VERBOSE1:segment_result_provider.cc(288)] ExecuteModelAndGetScore: segment=OPTIMIZATION_TARGET_SEGMENTATION_DEVICE_SWITCHER default segment info not available
[50:50:0903/060149.205604:VERBOSE1:segment_result_provider.cc(216)] OnGotDatabaseModelScore: segment=OPTIMIZATION_TARGET_SEGMENTATION_DEVICE_SWITCHER failed to get database model score, trying default model.
[50:50:0903/060149.205723:VERBOSE1:signal_filter_processor.cc(61)] Segmentation platform started observing Session.TotalDuration
[50:50:0903/060149.206692:VERBOSE1:signal_filter_processor.cc(61)] Segmentation platform started observing Commerce.PriceDrops.ActiveTabNavigationComplete.IsProductDetailPage
[50:50:0903/060149.206712:VERBOSE1:signal_filter_processor.cc(54)] Segmentation platform started observing Autofill_PolledCreditCardSuggestions
[50:50:0903/060149.206720:VERBOSE1:signal_filter_processor.cc(61)] Segmentation platform started observing Omnibox.SuggestionUsed.ClientSummarizedResultType
[50:50:0903/060149.206731:VERBOSE1:signal_filter_processor.cc(61)] Segmentation platform started observing Sync.DeviceCount2
[50:50:0903/060149.206737:VERBOSE1:signal_filter_processor.cc(61)] Segmentation platform started observing Sync.DeviceCount2.Phone
[50:50:0903/060149.206743:VERBOSE1:signal_filter_processor.cc(61)] Segmentation platform started observing Sync.DeviceCount2.Desktop
[50:50:0903/060149.206748:VERBOSE1:signal_filter_processor.cc(61)] Segmentation platform started observing Sync.DeviceCount2.Tablet
[50:50:0903/060149.206758:VERBOSE1:signal_filter_processor.cc(54)] Segmentation platform started observing MobileBookmarkManagerOpen
[50:50:0903/060149.206763:VERBOSE1:signal_filter_processor.cc(54)] Segmentation platform started observing NewTabPage.MostVisited.Clicked
[50:50:0903/060149.206769:VERBOSE1:signal_filter_processor.cc(54)] Segmentation platform started observing TabGroup.Created.OpenInNewTab
[50:50:0903/060149.206784:VERBOSE1:signal_filter_processor.cc(54)] Segmentation platform started observing Android.HistoryPage.OpenItem
[50:50:0903/060149.206789:VERBOSE1:signal_filter_processor.cc(54)] Segmentation platform started observing MobileMenuRecentTabs
